2025-07-21 14:23:26,039 - utils.database.db_init - INFO - Starting database initialization...
2025-07-21 14:23:26,039 - utils.database.db_init - INFO - Trying to connect to database with params: {'dbname': 'postgres', 'user': 'postgres', 'password': 'postgres', 'host': 'localhost', 'port': 5432}
2025-07-21 14:23:26,178 - utils.database.db_init - INFO - Checking if 'users' table exists...
2025-07-21 14:23:26,187 - utils.database.db_init - INFO - 'users' table already exists. Skipping creation.
2025-07-21 14:23:26,187 - utils.database.db_init - INFO - Checking if 'subscription' table exists...
2025-07-21 14:23:26,188 - utils.database.db_init - INFO - 'subscription' table already exists. Skipping creation.
2025-07-21 14:23:26,189 - utils.database.db_init - INFO - Verified: 'users' table exists in database.
2025-07-21 14:23:26,189 - utils.database.db_init - INFO - Database connection closed
2025-07-21 14:23:26,199 - __main__ - INFO - Barcha handlerlar va middleware'lar ulandi
2025-07-21 14:23:26,199 - __main__ - INFO - Bot ishga tushdi
2025-07-21 14:23:26,199 - aiogram.dispatcher - INFO - Start polling
2025-07-21 14:23:26,933 - aiogram.dispatcher - INFO - Run polling for bot @uzguidecombot id=7857439280 - 'Uzguide'
2025-07-21 14:23:27,706 - aiogram.dispatcher - WARNING - Received SIGINT signal
2025-07-21 14:23:27,708 - aiogram.dispatcher - INFO - Polling stopped for bot @uzguidecombot id=7857439280 - 'Uzguide'
2025-07-21 14:23:27,708 - aiogram.dispatcher - INFO - Polling stopped
2025-07-21 14:23:27,959 - __main__ - INFO - Bot va barcha resurslar to'xtatildi
2025-07-21 14:33:09,175 - utils.database.db_init - INFO - Starting database initialization...
2025-07-21 14:33:09,175 - utils.database.db_init - INFO - Trying to connect to database with params: {'dbname': 'postgres', 'user': 'postgres', 'password': 'postgres', 'host': 'localhost', 'port': 5432}
2025-07-21 14:33:09,218 - utils.database.db_init - INFO - Checking if 'users' table exists...
2025-07-21 14:33:09,232 - utils.database.db_init - INFO - 'users' table already exists. Skipping creation.
2025-07-21 14:33:09,232 - utils.database.db_init - INFO - Checking if 'subscription' table exists...
2025-07-21 14:33:09,232 - utils.database.db_init - INFO - 'subscription' table already exists. Skipping creation.
2025-07-21 14:33:09,233 - utils.database.db_init - INFO - Verified: 'users' table exists in database.
2025-07-21 14:33:09,233 - utils.database.db_init - INFO - Database connection closed
2025-07-21 14:33:09,240 - __main__ - INFO - Barcha handlerlar va middleware'lar ulandi
2025-07-21 14:33:09,240 - __main__ - INFO - Bot ishga tushdi
2025-07-21 14:33:09,240 - aiogram.dispatcher - INFO - Start polling
2025-07-21 14:33:09,814 - aiogram.dispatcher - INFO - Run polling for bot @uzguidecombot id=7857439280 - 'Uzguide'
2025-07-21 14:33:10,463 - aiogram.dispatcher - WARNING - Received SIGINT signal
2025-07-21 14:33:10,464 - aiogram.dispatcher - INFO - Polling stopped for bot @uzguidecombot id=7857439280 - 'Uzguide'
2025-07-21 14:33:10,464 - aiogram.dispatcher - INFO - Polling stopped
2025-07-21 14:33:10,717 - __main__ - INFO - Bot va barcha resurslar to'xtatildi
